[my.teslamotors.com/models/design.html]
[backblue.gif]
[fade.gif]
[index.html]
[my.teslamotors.com/sites/all/themes/tesla/favicon.ico]
[my.teslamotors.com/tesla_theme/images/models/share_thumb.png]
[my.teslamotors.com/tesla_theme/assets/img/icons/apple-touch-icon-57x57c81e.png]
[my.teslamotors.com/tesla_theme/assets/img/icons/apple-touch-icon-60x60c81e.png]
[my.teslamotors.com/tesla_theme/assets/img/icons/apple-touch-iconc81e.png]
[my.teslamotors.com/tesla_theme/assets/img/icons/apple-touch-icon-72x72c81e.png]
[my.teslamotors.com/tesla_theme/assets/img/icons/apple-touch-icon-76x76c81e.png]
[my.teslamotors.com/tesla_theme/assets/img/icons/apple-touch-icon-114x114c81e.png]
[my.teslamotors.com/tesla_theme/assets/img/icons/apple-touch-icon-120x120c81e.png]
[my.teslamotors.com/tesla_theme/assets/img/icons/apple-touch-icon-144x144c81e.png]
[my.teslamotors.com/tesla_theme/assets/img/icons/apple-touch-icon-152x152c81e.png]
[my.teslamotors.com/tesla_theme/assets/img/icons/favicon-196x196c81e.png]
[my.teslamotors.com/tesla_theme/assets/img/icons/favicon-160x160c81e.png]
[my.teslamotors.com/tesla_theme/assets/img/icons/favicon-96x96c81e.png]
[my.teslamotors.com/tesla_theme/assets/img/icons/favicon-16x16c81e.png]
[my.teslamotors.com/tesla_theme/assets/img/icons/favicon-32x32c81e.png]
[my.teslamotors.com/sites/default/files/css/css_a35a2eecd3c3eb40c0cc2a202ce3d834.css]
[my.teslamotors.com/sites/default/files/css/css_34f4b7541185d829278d04510f999989.css]
[my.teslamotors.com/sites/all/themes/tesla/configurator/css/min/web_styles.mind956.css]
[img.en25.com/i/elqCfg.min.js]
[my.teslamotors.com/models/design.html]
[www.googleadservices.com/pagead/conversion/1022916095/indexfb77.html]
[my.teslamotors.com/sites/default/files/css/css_a35a2eecd3c3eb40c0cc2a202ce3d834.css]
[my.teslamotors.com/sites/default/files/css/css_34f4b7541185d829278d04510f999989.css]
[my.teslamotors.com/sites/all/themes/tesla/configurator/css/min/web_styles.mind956.css]
[img.en25.com/i/elqCfg.min.js]
